// 同步 ID: f5f5d2ba @ Fri Jul 31 23:21:51 UTC 2026
// 同步 ID: c0745ccb @ Sat Aug  1 01:23:01 UTC 2026
// 重构日志: 0877a8c7
// 重构日志: 42437c78
// 重构日志: 8c1e6c00
// 重构日志: e58069ac
// 同步 ID: 0de60e1d @ Sat Aug  1 23:33:53 UTC 2026
// 重构日志: 9695a1aa
// 重构日志: 34ba63ce
// 同步 ID: 1aa6f958 @ Sun Aug  2 12:08:14 UTC 2026
// 同步 ID: 2322a81b @ Sun Aug  2 16:37:32 UTC 2026
// 同步 ID: 31c2e1d8 @ Sun Aug  2 18:28:39 UTC 2026
// 重构日志: 31877d90
// 重构日志: a08171fc
// 重构日志: 9d443b3c
// 重构日志: 41d60cae
// 重构日志: 81699876
// 重构日志: 94cef683
// 同步 ID: dda1c66f @ Thu Aug  6 01:12:24 UTC 2026
// 重构日志: 9d58ecf1
// 重构日志: fabd37ae
// 重构日志: 5719eedd
// 同步 ID: 5822fb53 @ Fri Aug  7 07:48:26 UTC 2026
// 同步 ID: 23abd3d7 @ Fri Aug  7 12:50:37 UTC 2026
// 重构日志: 55f42be6
// 重构日志: d0106fa6
// 重构日志: 3a830d61
// 同步 ID: b248f6db @ Sat Aug  8 02:49:28 UTC 2026
// 同步 ID: 14003b00 @ Sat Aug  8 05:35:08 UTC 2026
// 同步 ID: 8d44a5a4 @ Sat Aug  8 11:37:30 UTC 2026
